/Users/jerry/Solar_Car/ElecOnboarding26/Firmware/mbed/libraries/mbed/targets/cmsis/core_cm3.h:1323:22:void NVIC_EnableIRQ(IRQn_Type)	16	static
../targets/hal/TARGET_NXP/TARGET_LPC15XX/DmaController.cpp:6:6:void DmaController::memToPeriphTransfer(volatile void*, void*, size_t, uint8_t, void (*)())	32	static
../targets/hal/TARGET_NXP/TARGET_LPC15XX/DmaController.cpp:16:1:DmaController::DmaController()	16	static
../targets/hal/TARGET_NXP/TARGET_LPC15XX/DmaController.cpp:29:6:void DmaController::memToPeriphTransfer(volatile void*, void*, size_t, uint8_t, bool)	32	static
../targets/hal/TARGET_NXP/TARGET_LPC15XX/DmaController.cpp:58:6:static void DmaController::irqHandler()	16	static
/Users/jerry/Solar_Car/ElecOnboarding26/Firmware/mbed/libraries/mbed/api/FunctionPointer.h:120:5:mbed::FunctionPointerArg1<R, void>::FunctionPointerArg1(R (*)()) [with R = void]	16	static
/Users/jerry/Solar_Car/ElecOnboarding26/Firmware/mbed/libraries/mbed/api/FunctionPointer.h:138:10:void mbed::FunctionPointerArg1<R, void>::attach(R (*)()) [with R = void]	16	static
/Users/jerry/Solar_Car/ElecOnboarding26/Firmware/mbed/libraries/mbed/api/FunctionPointer.h:173:7:R mbed::FunctionPointerArg1<R, void>::operator()() [with R = void]	16	static
/Users/jerry/Solar_Car/ElecOnboarding26/Firmware/mbed/libraries/mbed/api/FunctionPointer.h:157:7:R mbed::FunctionPointerArg1<R, void>::call() [with R = void]	16	static
../targets/hal/TARGET_NXP/TARGET_LPC15XX/DmaController.cpp:65:1:void __static_initialization_and_destruction_0(int, int)	24	static
../targets/hal/TARGET_NXP/TARGET_LPC15XX/DmaController.cpp:65:1:cpp)	8	static
