/Applications/MCUXpressoIDE_11.9.1_2170/ide/plugins/com.nxp.mcuxpresso.tools.macosx_11.9.1.202402080819/tools/arm-none-eabi/include/c++/12.3.1/arm-none-eabi/thumb/v7-m/nofp/bits/c++config.h:516:3:constexpr bool std::__is_constant_evaluated()	4	static
/Users/jerry/Solar_Car/ElecOnboarding26/Firmware/mbed/libraries/mbed/api/SerialBase.h:199:13:mbed::SerialBase::~SerialBase()	16	static
/Users/jerry/Solar_Car/ElecOnboarding26/Firmware/mbed/libraries/mbed/api/SerialBase.h:199:13:virtual mbed::SerialBase::~SerialBase()	16	static
/Applications/MCUXpressoIDE_11.9.1_2170/ide/plugins/com.nxp.mcuxpresso.tools.macosx_11.9.1.202402080819/tools/arm-none-eabi/include/c++/12.3.1/bits/atomic_base.h:104:3:constexpr std::memory_order std::operator&(memory_order, __memory_order_modifier)	16	static
/Applications/MCUXpressoIDE_11.9.1_2170/ide/plugins/com.nxp.mcuxpresso.tools.macosx_11.9.1.202402080819/tools/arm-none-eabi/include/c++/12.3.1/atomic:103:5:void std::atomic<bool>::store(bool, std::memory_order)	24	static
/Applications/MCUXpressoIDE_11.9.1_2170/ide/plugins/com.nxp.mcuxpresso.tools.macosx_11.9.1.202402080819/tools/arm-none-eabi/include/c++/12.3.1/atomic:111:5:bool std::atomic<bool>::load(std::memory_order) const	24	static
/Users/jerry/Solar_Car/ElecOnboarding26/Firmware/common/api/DmaController.h:16:25:static DmaController& DmaController::get()	8	static
/Users/jerry/Solar_Car/ElecOnboarding26/Firmware/mbed/libraries/mbed/api/RawSerial.h:48:7:mbed::RawSerial::~RawSerial()	16	static
/Users/jerry/Solar_Car/ElecOnboarding26/Firmware/mbed/libraries/mbed/api/RawSerial.h:48:7:virtual mbed::RawSerial::~RawSerial()	16	static
../targets/hal/TARGET_NXP/TARGET_LPC15XX/DmaSerial.cpp:3:1:DmaSerialBase::DmaSerialBase(PinName, PinName, int, uint8_t*, uint8_t*)	24	static
../targets/hal/TARGET_NXP/TARGET_LPC15XX/DmaSerial.cpp:13:5:int DmaSerialBase::putc(int)	24	static
../targets/hal/TARGET_NXP/TARGET_LPC15XX/DmaSerial.cpp:34:5:int DmaSerialBase::puts(const char*)	24	static
../targets/hal/TARGET_NXP/TARGET_LPC15XX/DmaSerial.cpp:43:6:bool DmaSerialBase::put(uint8_t*, size_t)	48	static
../targets/hal/TARGET_NXP/TARGET_LPC15XX/DmaSerial.cpp:76:9:uint8_t DmaSerialBase::dmaChannel()	16	static
../targets/hal/TARGET_NXP/TARGET_LPC15XX/DmaSerial.cpp:86:6:void DmaSerialBase::startTransfer()	72	static
../targets/hal/TARGET_NXP/TARGET_LPC15XX/DmaSerial.cpp:113:6:void DmaSerialBase::irqTransferDone()	24	static
/Applications/MCUXpressoIDE_11.9.1_2170/ide/plugins/com.nxp.mcuxpresso.tools.macosx_11.9.1.202402080819/tools/arm-none-eabi/include/c++/12.3.1/atomic:568:7:void std::atomic<_Tp*>::store(__pointer_type, std::memory_order) [with _Tp = unsigned char]	40	static
/Applications/MCUXpressoIDE_11.9.1_2170/ide/plugins/com.nxp.mcuxpresso.tools.macosx_11.9.1.202402080819/tools/arm-none-eabi/include/c++/12.3.1/atomic:578:7:_Tp* std::atomic<_Tp*>::load(std::memory_order) const [with _Tp = unsigned char]	24	static
/Applications/MCUXpressoIDE_11.9.1_2170/ide/plugins/com.nxp.mcuxpresso.tools.macosx_11.9.1.202402080819/tools/arm-none-eabi/include/c++/12.3.1/bits/stl_algobase.h:230:5:const _Tp& std::min(const _Tp&, const _Tp&) [with _Tp = unsigned int]	16	static
/Users/jerry/Solar_Car/ElecOnboarding26/Firmware/common/api/DmaController.h:39:8:void DmaController::memToPeriphTransfer(volatile void*, void*, size_t, uint8_t, T*, void (T::*)()) [with T = DmaSerialBase]	32	static
/Users/jerry/Solar_Car/ElecOnboarding26/Firmware/mbed/libraries/mbed/api/FunctionPointer.h:149:10:void mbed::FunctionPointerArg1<R, void>::attach(T*, R (T::*)()) [with T = DmaSerialBase; R = void]	24	static
/Users/jerry/Solar_Car/ElecOnboarding26/Firmware/mbed/libraries/mbed/api/FunctionPointer.h:183:14:static R mbed::FunctionPointerArg1<R, void>::membercaller(void*, uintptr_t*) [with T = DmaSerialBase; R = void]	24	static
/Users/jerry/Solar_Car/ElecOnboarding26/Firmware/common/api/DmaSerial.h:14:7:DmaSerialBase::~DmaSerialBase()	16	static
/Users/jerry/Solar_Car/ElecOnboarding26/Firmware/common/api/DmaSerial.h:14:7:virtual DmaSerialBase::~DmaSerialBase()	16	static
