/Users/jerry/Solar_Car/ElecOnboarding26/Firmware/mbed/libraries/mbed/targets/hal/TARGET_NXP/TARGET_LPC15XX/gpio_object.h:35:20:void gpio_write(gpio_t*, int)	16	static
/Users/jerry/Solar_Car/ElecOnboarding26/Firmware/mbed/libraries/mbed/targets/hal/TARGET_NXP/TARGET_LPC15XX/gpio_object.h:45:19:int gpio_read(gpio_t*)	16	static
/Users/jerry/Solar_Car/ElecOnboarding26/Firmware/mbed/libraries/mbed/api/DigitalOut.h:66:10:void mbed::DigitalOut::write(int)	16	static
/Users/jerry/Solar_Car/ElecOnboarding26/Firmware/mbed/libraries/mbed/api/DigitalOut.h:76:9:int mbed::DigitalOut::read()	16	static
/Users/jerry/Solar_Car/ElecOnboarding26/Firmware/mbed/libraries/mbed/api/DigitalOut.h:93:17:mbed::DigitalOut& mbed::DigitalOut::operator=(int)	16	static
/Users/jerry/Solar_Car/ElecOnboarding26/Firmware/mbed/libraries/mbed/api/DigitalOut.h:98:17:mbed::DigitalOut& mbed::DigitalOut::operator=(mbed::DigitalOut&)	16	static
/Users/jerry/Solar_Car/ElecOnboarding26/Firmware/mbed/libraries/mbed/api/DigitalOut.h:105:5:mbed::DigitalOut::operator int()	16	static
/Users/jerry/Solar_Car/ElecOnboarding26/Firmware/mbed/libraries/mbed/api/CAN.h:36:5:mbed::CANMessage::CANMessage()	16	static
/Users/jerry/Solar_Car/ElecOnboarding26/Firmware/common/api/hardware_common.h:27:5:hardware_common::hardware_common()	16	static
/Users/jerry/Solar_Car/ElecOnboarding26/Firmware/common/api/hardware_common.h:28:13:hardware_common::~hardware_common()	16	static
/Users/jerry/Solar_Car/ElecOnboarding26/Firmware/common/api/hardware_common.h:28:13:virtual hardware_common::~hardware_common()	16	static
../common/hardware_common_mbed.cpp:12:1:hardware_common_mbed::hardware_common_mbed(mbed::Timer*, mbed::CAN*, WDT*)	32	static
../common/hardware_common_mbed.cpp:19:1:hardware_common_mbed::~hardware_common_mbed()	16	static
../common/hardware_common_mbed.cpp:19:1:virtual hardware_common_mbed::~hardware_common_mbed()	16	static
../common/hardware_common_mbed.cpp:28:6:void _handleCANMessage()	8	static
../common/hardware_common_mbed.cpp:32:6:virtual void hardware_common_mbed::setupCAN()	16	static
../common/hardware_common_mbed.cpp:39:6:virtual void hardware_common_mbed::startTimingCommon(TimingCommon*, bool*)	24	static
../common/hardware_common_mbed.cpp:45:5:virtual int hardware_common_mbed::readCANMessage(mbed::CANMessage&)	16	static
../common/hardware_common_mbed.cpp:49:5:virtual int hardware_common_mbed::writeCANMessage(mbed::CANMessage)	24	static
../common/hardware_common_mbed.cpp:53:6:virtual bool hardware_common_mbed::checkCANController()	16	static
../common/hardware_common_mbed.cpp:63:6:virtual void hardware_common_mbed::setupLEDs(mbed::DigitalOut*, mbed::DigitalOut*, mbed::DigitalOut*, mbed::DigitalOut*)	40	static
../common/hardware_common_mbed.cpp:73:5:virtual int hardware_common_mbed::toggleHeartbeatLED()	24	static
../common/hardware_common_mbed.cpp:78:5:virtual int hardware_common_mbed::toggleReceiveCANLED()	24	static
../common/hardware_common_mbed.cpp:83:5:virtual int hardware_common_mbed::toggleSendCANLED()	24	static
../common/hardware_common_mbed.cpp:88:5:virtual int hardware_common_mbed::toggleHardwareLED()	24	static
../common/hardware_common_mbed.cpp:93:5:virtual int hardware_common_mbed::toggleHardwareLED(bool)	16	static
../common/hardware_common_mbed.cpp:98:5:virtual int hardware_common_mbed::loopTime(TimingCommon*, bool*)	24	static
/Users/jerry/Solar_Car/ElecOnboarding26/Firmware/common/api/can_buffer.h:154:2:CANRXTXBuffer<RXSize, TXSize>::CANRXTXBuffer(mbed::CAN&, int) [with int RXSize = 32; int TXSize = 16]	24	static
/Users/jerry/Solar_Car/ElecOnboarding26/Firmware/common/api/can_buffer.h:249:7:void CANRXTXBuffer<RXSize, TXSize>::handleIrq() [with int RXSize = 32; int TXSize = 16]	48	static
/Users/jerry/Solar_Car/ElecOnboarding26/Firmware/common/api/can_buffer.h:206:6:int CANRXTXBuffer<RXSize, TXSize>::read(mbed::CANMessage&) [with int RXSize = 32; int TXSize = 16]	48	static
/Users/jerry/Solar_Car/ElecOnboarding26/Firmware/common/api/can_buffer.h:224:6:int CANRXTXBuffer<RXSize, TXSize>::write(mbed::CANMessage) [with int RXSize = 32; int TXSize = 16]	32	static
/Users/jerry/Solar_Car/ElecOnboarding26/Firmware/common/api/circular_buffer.h:25:2:CircularBuffer<T, N>::CircularBuffer() [with T = mbed::CANMessage; int N = 32]	24	static
/Users/jerry/Solar_Car/ElecOnboarding26/Firmware/common/api/circular_buffer.h:25:2:CircularBuffer<T, N>::CircularBuffer() [with T = mbed::CANMessage; int N = 16]	24	static
/Users/jerry/Solar_Car/ElecOnboarding26/Firmware/common/api/can_buffer.h:184:7:bool CANRXTXBuffer<RXSize, TXSize>::rxFull() const [with int RXSize = 32; int TXSize = 16]	16	static
/Users/jerry/Solar_Car/ElecOnboarding26/Firmware/common/api/circular_buffer.h:54:7:void CircularBuffer<T, N>::write(T) [with T = mbed::CANMessage; int N = 32]	16	static
/Users/jerry/Solar_Car/ElecOnboarding26/Firmware/common/api/can_buffer.h:174:7:bool CANRXTXBuffer<RXSize, TXSize>::txEmpty() const [with int RXSize = 32; int TXSize = 16]	16	static
/Users/jerry/Solar_Car/ElecOnboarding26/Firmware/common/api/circular_buffer.h:81:11:const T& CircularBuffer<T, N>::peek() [with T = mbed::CANMessage; int N = 16]	16	static
/Users/jerry/Solar_Car/ElecOnboarding26/Firmware/common/api/circular_buffer.h:91:7:void CircularBuffer<T, N>::discard() [with T = mbed::CANMessage; int N = 16]	16	static
/Users/jerry/Solar_Car/ElecOnboarding26/Firmware/common/api/can_buffer.h:164:7:bool CANRXTXBuffer<RXSize, TXSize>::rxEmpty() const [with int RXSize = 32; int TXSize = 16]	16	static
/Users/jerry/Solar_Car/ElecOnboarding26/Firmware/common/api/circular_buffer.h:67:4:T CircularBuffer<T, N>::read() [with T = mbed::CANMessage; int N = 32]	16	static
/Users/jerry/Solar_Car/ElecOnboarding26/Firmware/common/api/can_buffer.h:194:7:bool CANRXTXBuffer<RXSize, TXSize>::txFull() const [with int RXSize = 32; int TXSize = 16]	16	static
/Users/jerry/Solar_Car/ElecOnboarding26/Firmware/common/api/circular_buffer.h:54:7:void CircularBuffer<T, N>::write(T) [with T = mbed::CANMessage; int N = 16]	16	static
/Users/jerry/Solar_Car/ElecOnboarding26/Firmware/common/api/circular_buffer.h:33:7:bool CircularBuffer<T, N>::full() const [with T = mbed::CANMessage; int N = 32]	16	static
/Users/jerry/Solar_Car/ElecOnboarding26/Firmware/common/api/circular_buffer.h:43:7:bool CircularBuffer<T, N>::empty() const [with T = mbed::CANMessage; int N = 16]	16	static
/Users/jerry/Solar_Car/ElecOnboarding26/Firmware/common/api/circular_buffer.h:43:7:bool CircularBuffer<T, N>::empty() const [with T = mbed::CANMessage; int N = 32]	16	static
/Users/jerry/Solar_Car/ElecOnboarding26/Firmware/common/api/circular_buffer.h:33:7:bool CircularBuffer<T, N>::full() const [with T = mbed::CANMessage; int N = 16]	16	static
